%!Adobe-FontList 1.22
%Locale:0x404

%BeginFont
Handler:DirectoryHandler
FontType:Invalid
OutlineFileName:/Users/user/Desktop/envdes/code_CESM_LCZ/3_illustration/“20251002”文件夹/Document fonts/AdobeFnt22.lst
FileLength:1038
FileModTime:781087779
%EndFont

%BeginFont
Handler:DirectoryHandler
FontType:TrueType
FontName:Arial-BoldMT
FamilyName:Arial
StyleName:Bold
MenuName:Arial
StyleBits:2
WeightClass:700
WidthClass:5
AngleClass:0
FullName:Arial Bold
WritingScript:Roman
OutlineFileName:/Users/user/Desktop/envdes/code_CESM_LCZ/3_illustration/“20251002”文件夹/Document fonts/Arial Bold.ttf
DataFormat:sfntData
hasSVG:no
VariableFontType:NonVariableFont
FileLength:750984
FileModTime:777062669
NameArray:0,Mac,4,Arial Bold
NameArray:0,Win,1,Arial
%EndFont

%BeginFont
Handler:DirectoryHandler
FontType:TrueType
FontName:ArialMT
FamilyName:Arial
StyleName:Regular
MenuName:Arial
StyleBits:0
WeightClass:400
WidthClass:5
AngleClass:0
FullName:Arial
WritingScript:Roman
OutlineFileName:/Users/user/Desktop/envdes/code_CESM_LCZ/3_illustration/“20251002”文件夹/Document fonts/Arial.ttf
DataFormat:sfntData
hasSVG:no
VariableFontType:NonVariableFont
FileLength:773236
FileModTime:777062669
NameArray:0,Mac,4,Arial
NameArray:0,Win,1,Arial
%EndFont

